138.113.16.217 - - [19/Jun/2025:17:26:09 +0800] "GET http://mxzgh.com/login.php?success=Registration%20successful!%20Please%20log%20in. HTTP/1.1" 200 1163 "http://mxzgh.com/register.php" "Mozilla/5.0 (Linux; Android 14; V2199A; wv) AppleWebKit/537.36 (KHTML, like Gecko) Version/4.0 Chrome/123.0.6312.118 Mobile Safari/537.36 VivoBrowser/24.9.40.0"[UKLlT2]
115.127.227.132 - - [19/Jun/2025:17:26:20 +0800] "POST http://mxzgh.com/login.php?success=Registration%20successful!%20Please%20log%20in. HTTP/1.1" 302 0 "http://mxzgh.com/login.php?success=Registration%20successful!%20Please%20log%20in." "Mozilla/5.0 (Linux; Android 14; V2199A; wv) AppleWebKit/537.36 (KHTML, like Gecko) Version/4.0 Chrome/123.0.6312.118 Mobile Safari/537.36 VivoBrowser/24.9.40.0"[ULlT93]
163.171.214.55 - - [19/Jun/2025:17:26:20 +0800] "GET http://mxzgh.com/lobby.php HTTP/1.1" 200 8964 "http://mxzgh.com/login.php?success=Registration%20successful!%20Please%20log%20in." "Mozilla/5.0 (Linux; Android 14; V2199A; wv) AppleWebKit/537.36 (KHTML, like Gecko) Version/4.0 Chrome/123.0.6312.118 Mobile Safari/537.36 VivoBrowser/24.9.40.0"[UKLlT4]
123.6.49.44 - - [19/Jun/2025:17:26:35 +0800] "GET http://mxzgh.com/ HTTP/1.1" 200 1068 "-" "Mozilla/5.0 (Linux; U; Android 8.1.0; zh-cn; MI 8 Build/OPM1.171019.011) AppleWebKit/537.36 (KHTML, like Gecko) Version/4.0 Chrome/57.0.2987.108 Mobile Safari/537.36"[UKLlT2]
123.6.49.44 - - [19/Jun/2025:17:26:35 +0800] "GET http://mxzgh.com/ HTTP/1.1" 200 1068 "-" "Mozilla/5.0 (Linux; U; Android 8.1.0; zh-cn; MI 8 Build/OPM1.171019.011) AppleWebKit/537.36 (KHTML, like Gecko) Version/4.0 Chrome/57.0.2987.108 Mobile Safari/537.36"[UKLlT2]
123.6.49.44 - - [19/Jun/2025:17:26:36 +0800] "GET http://mxzgh.com/assets/css/tailwind.min.css HTTP/1.1" 200 305091 "http://mxzgh.com/" "Mozilla/5.0 (Linux; U; Android 8.1.0; zh-cn; MI 8 Build/OPM1.171019.011) AppleWebKit/537.36 (KHTML, like Gecko) Version/4.0 Chrome/57.0.2987.108 Mobile Safari/537.36"[CVLT0]
27.115.124.70 - - [19/Jun/2025:17:26:37 +0800] "GET http://mxzgh.com/lobby.php HTTP/1.1" 302 0 "-" "Mozilla/5.0 (Linux; Android 11; CPH2185) AppleWebKit/537.36 (KHTML, like Gecko) Chrome/91.0.4472.101 Mobile Safari/537.36"[ULlT1]
27.115.124.70 - - [19/Jun/2025:17:26:37 +0800] "GET http://mxzgh.com/login.php HTTP/1.1" 200 1068 "-" "Mozilla/5.0 (Linux; Android 11; CPH2185) AppleWebKit/537.36 (KHTML, like Gecko) Chrome/91.0.4472.101 Mobile Safari/537.36"[UKLlT3]
27.115.124.70 - - [19/Jun/2025:17:26:38 +0800] "GET http://mxzgh.com/assets/css/tailwind.min.css HTTP/1.1" 200 305091 "http://mxzgh.com/login.php" "Mozilla/5.0 (Linux; Android 11; CPH2185) AppleWebKit/537.36 (KHTML, like Gecko) Chrome/91.0.4472.101 Mobile Safari/537.36"[CVLT0]
138.113.89.79 - - [19/Jun/2025:17:26:39 +0800] "GET http://mxzgh.com/purchase.php HTTP/1.1" 200 1070 "http://mxzgh.com/lobby.php" "Mozilla/5.0 (Linux; Android 14; V2199A; wv) AppleWebKit/537.36 (KHTML, like Gecko) Version/4.0 Chrome/123.0.6312.118 Mobile Safari/537.36 VivoBrowser/24.9.40.0"[UKLlT5]
138.113.89.79 - - [19/Jun/2025:17:26:40 +0800] "GET http://mxzgh.com/purchase.php HTTP/1.1" 200 1070 "http://mxzgh.com/lobby.php" "Mozilla/5.0 (Linux; Android 14; V2199A; wv) AppleWebKit/537.36 (KHTML, like Gecko) Version/4.0 Chrome/123.0.6312.118 Mobile Safari/537.36 VivoBrowser/24.9.40.0"[UKLlT2]
27.128.43.150 - - [19/Jun/2025:17:26:40 +0800] "GET http://mxzgh.com/favicon.ico HTTP/1.1" 404 983 "http://mxzgh.com/purchase.php" "Mozilla/5.0 (Linux; Android 14; V2199A; wv) AppleWebKit/537.36 (KHTML, like Gecko) Version/4.0 Chrome/123.0.6312.118 Mobile Safari/537.36 VivoBrowser/24.9.40.0"[LT0]
123.6.49.44 - - [19/Jun/2025:17:26:42 +0800] "GET http://mxzgh.com/favicon.ico HTTP/1.1" 404 983 "-" "Mozilla/5.0 (Windows NT 10.0; WOW64) AppleWebKit/537.36 (KHTML, like Gecko) Chrome/78.0.3904.108 Safari/537.36"[LT0]
27.115.124.101 - - [19/Jun/2025:17:26:42 +0800] "GET http://mxzgh.com/favicon.ico HTTP/1.1" 404 983 "-" "Mozilla/5.0 (Windows NT 10.0; WOW64) AppleWebKit/537.36 (KHTML, like Gecko) Chrome/78.0.3904.108 Safari/537.36"[LT0]
123.6.49.15 - - [19/Jun/2025:17:26:43 +0800] "GET http://mxzgh.com/favicon.ico HTTP/1.1" 404 983 "-" "Mozilla/5.0 (Windows NT 10.0; Win64; x64) AppleWebKit/537.36 (KHTML, like Gecko) Chrome/120.0.0.0 Safari/537.36"[LT0]
27.115.124.45 - - [19/Jun/2025:17:26:44 +0800] "GET http://mxzgh.com/favicon.ico HTTP/1.1" 404 983 "-" "Mozilla/5.0 (Windows NT 10.0; Win64; x64) AppleWebKit/537.36 (KHTML, like Gecko) Chrome/120.0.0.0 Safari/537.36"[LT0]
138.113.16.217 - - [19/Jun/2025:17:26:47 +0800] "GET http://mxzgh.com/strategy_games.php HTTP/1.1" 200 4271 "http://mxzgh.com/lobby.php" "Mozilla/5.0 (Linux; Android 14; V2199A; wv) AppleWebKit/537.36 (KHTML, like Gecko) Version/4.0 Chrome/123.0.6312.118 Mobile Safari/537.36 VivoBrowser/24.9.40.0"[UKLlT12]
27.128.43.150 - - [19/Jun/2025:17:26:48 +0800] "GET http://mxzgh.com/favicon.ico HTTP/1.1" 404 983 "http://mxzgh.com/strategy_games.php" "Mozilla/5.0 (Linux; Android 14; V2199A; wv) AppleWebKit/537.36 (KHTML, like Gecko) Version/4.0 Chrome/123.0.6312.118 Mobile Safari/537.36 VivoBrowser/24.9.40.0"[LT0]
138.113.16.219 - - [19/Jun/2025:17:26:55 +0800] "GET http://mxzgh.com/api/tasks.php HTTP/1.1" 200 292 "http://mxzgh.com/lobby.php" "Mozilla/5.0 (Linux; Android 14; V2199A; wv) AppleWebKit/537.36 (KHTML, like Gecko) Version/4.0 Chrome/123.0.6312.118 Mobile Safari/537.36 VivoBrowser/24.9.40.0"[UKLlT3]
27.115.124.53 - - [19/Jun/2025:17:26:57 +0800] "GET http://mxzgh.com/purchase.php HTTP/1.1" 302 0 "-" "Mozilla/5.0 (Linux; Android 10; HUAWEI P30 Pro) AppleWebKit/537.36 (KHTML, like Gecko) Chrome/89.0.4389.105 Mobile Safari/537.36"[ULlT2]
27.115.124.53 - - [19/Jun/2025:17:26:57 +0800] "GET http://mxzgh.com/login.php HTTP/1.1" 200 1068 "-" "Mozilla/5.0 (Linux; Android 10; HUAWEI P30 Pro) AppleWebKit/537.36 (KHTML, like Gecko) Chrome/89.0.4389.105 Mobile Safari/537.36"[UKLlT2]
27.115.124.53 - - [19/Jun/2025:17:26:57 +0800] "GET http://mxzgh.com/assets/css/tailwind.min.css HTTP/1.1" 200 305091 "http://mxzgh.com/login.php" "Mozilla/5.0 (Linux; Android 10; HUAWEI P30 Pro) AppleWebKit/537.36 (KHTML, like Gecko) Chrome/89.0.4389.105 Mobile Safari/537.36"[CVLT0]
27.115.124.45 - - [19/Jun/2025:17:27:02 +0800] "GET http://mxzgh.com/favicon.ico HTTP/1.1" 404 983 "-" "Mozilla/5.0 (Windows NT 10.0; WOW64) AppleWebKit/537.36 (KHTML, like Gecko) Chrome/78.0.3904.108 Safari/537.36"[LT0]
27.115.124.109 - - [19/Jun/2025:17:27:03 +0800] "GET http://mxzgh.com/favicon.ico HTTP/1.1" 404 983 "-" "Mozilla/5.0 (Windows NT 10.0; Win64; x64) AppleWebKit/537.36 (KHTML, like Gecko) Chrome/120.0.0.0 Safari/537.36"[LT0]
123.6.49.12 - - [19/Jun/2025:17:27:08 +0800] "GET http://mxzgh.com/strategy_games.php HTTP/1.1" 302 0 "-" "Mozilla/5.0 (Linux; U; Android 8.1.0; zh-cn; MI 8 Build/OPM1.171019.011) AppleWebKit/537.36 (KHTML, like Gecko) Version/4.0 Chrome/57.0.2987.108 Mobile Safari/537.36"[ULlT1]
123.6.49.12 - - [19/Jun/2025:17:27:08 +0800] "GET http://mxzgh.com/login.php HTTP/1.1" 200 1068 "-" "Mozilla/5.0 (Linux; U; Android 8.1.0; zh-cn; MI 8 Build/OPM1.171019.011) AppleWebKit/537.36 (KHTML, like Gecko) Version/4.0 Chrome/57.0.2987.108 Mobile Safari/537.36"[UKLlT1]
123.6.49.12 - - [19/Jun/2025:17:27:08 +0800] "GET http://mxzgh.com/assets/css/tailwind.min.css HTTP/1.1" 200 305091 "http://mxzgh.com/login.php" "Mozilla/5.0 (Linux; U; Android 8.1.0; zh-cn; MI 8 Build/OPM1.171019.011) AppleWebKit/537.36 (KHTML, like Gecko) Version/4.0 Chrome/57.0.2987.108 Mobile Safari/537.36"[CVLT0]
14.0.43.202 - - [19/Jun/2025:17:27:11 +0800] "GET http://mxzgh.com/delegate.php HTTP/1.1" 200 2978 "http://mxzgh.com/lobby.php" "Mozilla/5.0 (Linux; Android 14; V2199A; wv) AppleWebKit/537.36 (KHTML, like Gecko) Version/4.0 Chrome/123.0.6312.118 Mobile Safari/537.36 VivoBrowser/24.9.40.0"[UKLlT4]
27.128.43.150 - - [19/Jun/2025:17:27:11 +0800] "GET http://mxzgh.com/favicon.ico HTTP/1.1" 404 983 "http://mxzgh.com/delegate.php" "Mozilla/5.0 (Linux; Android 14; V2199A; wv) AppleWebKit/537.36 (KHTML, like Gecko) Version/4.0 Chrome/123.0.6312.118 Mobile Safari/537.36 VivoBrowser/24.9.40.0"[LT0]
123.6.49.50 - - [19/Jun/2025:17:27:13 +0800] "GET http://mxzgh.com/favicon.ico HTTP/1.1" 404 983 "-" "Mozilla/5.0 (Windows NT 10.0; WOW64) AppleWebKit/537.36 (KHTML, like Gecko) Chrome/78.0.3904.108 Safari/537.36"[LT0]
123.6.49.47 - - [19/Jun/2025:17:27:14 +0800] "GET http://mxzgh.com/favicon.ico HTTP/1.1" 404 983 "-" "Mozilla/5.0 (Windows NT 10.0; Win64; x64) AppleWebKit/537.36 (KHTML, like Gecko) Chrome/120.0.0.0 Safari/537.36"[LT0]
61.110.192.69 - - [19/Jun/2025:17:27:16 +0800] "GET http://mxzgh.com/autorpg_games.php HTTP/1.1" 200 1535 "http://mxzgh.com/lobby.php" "Mozilla/5.0 (Linux; Android 14; V2199A; wv) AppleWebKit/537.36 (KHTML, like Gecko) Version/4.0 Chrome/123.0.6312.118 Mobile Safari/537.36 VivoBrowser/24.9.40.0"[UKLlT5]
27.128.43.150 - - [19/Jun/2025:17:27:17 +0800] "GET http://mxzgh.com/favicon.ico HTTP/1.1" 404 983 "http://mxzgh.com/autorpg_games.php" "Mozilla/5.0 (Linux; Android 14; V2199A; wv) AppleWebKit/537.36 (KHTML, like Gecko) Version/4.0 Chrome/123.0.6312.118 Mobile Safari/537.36 VivoBrowser/24.9.40.0"[LT0]
115.127.227.132 - - [19/Jun/2025:17:27:21 +0800] "POST http://mxzgh.com/autorpg_games.php HTTP/1.1" 302 0 "http://mxzgh.com/autorpg_games.php" "Mozilla/5.0 (Linux; Android 14; V2199A; wv) AppleWebKit/537.36 (KHTML, like Gecko) Version/4.0 Chrome/123.0.6312.118 Mobile Safari/537.36 VivoBrowser/24.9.40.0"[ULlT4]
103.56.118.176 - - [19/Jun/2025:17:27:21 +0800] "GET http://mxzgh.com/autorpg_index.php?game_id=1 HTTP/1.1" 200 54605 "http://mxzgh.com/autorpg_games.php" "Mozilla/5.0 (Linux; Android 14; V2199A; wv) AppleWebKit/537.36 (KHTML, like Gecko) Version/4.0 Chrome/123.0.6312.118 Mobile Safari/537.36 VivoBrowser/24.9.40.0"[UKLlT16]
123.6.49.44 - - [19/Jun/2025:17:27:22 +0800] "GET http://mxzgh.com/autorpg_games.php HTTP/1.1" 302 0 "-" "Mozilla/5.0 (Linux; Android 10; HUAWEI P30 Pro) AppleWebKit/537.36 (KHTML, like Gecko) Chrome/89.0.4389.105 Mobile Safari/537.36"[ULlT1]
123.6.49.44 - - [19/Jun/2025:17:27:22 +0800] "GET http://mxzgh.com/login.php HTTP/1.1" 200 1068 "-" "Mozilla/5.0 (Linux; Android 10; HUAWEI P30 Pro) AppleWebKit/537.36 (KHTML, like Gecko) Chrome/89.0.4389.105 Mobile Safari/537.36"[UKLlT3]
123.6.49.44 - - [19/Jun/2025:17:27:22 +0800] "GET http://mxzgh.com/assets/css/tailwind.min.css HTTP/1.1" 200 305091 "http://mxzgh.com/login.php" "Mozilla/5.0 (Linux; Android 10; HUAWEI P30 Pro) AppleWebKit/537.36 (KHTML, like Gecko) Chrome/89.0.4389.105 Mobile Safari/537.36"[CVLT0]
27.128.43.150 - - [19/Jun/2025:17:27:25 +0800] "GET http://mxzgh.com/favicon.ico HTTP/1.1" 404 983 "http://mxzgh.com/autorpg_index.php?game_id=1" "Mozilla/5.0 (Linux; Android 14; V2199A; wv) AppleWebKit/537.36 (KHTML, like Gecko) Version/4.0 Chrome/123.0.6312.118 Mobile Safari/537.36 VivoBrowser/24.9.40.0"[LT0]
123.6.49.44 - - [19/Jun/2025:17:27:27 +0800] "GET http://mxzgh.com/favicon.ico HTTP/1.1" 404 983 "-" "Mozilla/5.0 (Windows NT 10.0; WOW64) AppleWebKit/537.36 (KHTML, like Gecko) Chrome/78.0.3904.108 Safari/537.36"[LT0]
123.6.49.47 - - [19/Jun/2025:17:27:28 +0800] "GET http://mxzgh.com/favicon.ico HTTP/1.1" 404 983 "-" "Mozilla/5.0 (Windows NT 10.0; Win64; x64) AppleWebKit/537.36 (KHTML, like Gecko) Chrome/120.0.0.0 Safari/537.36"[LT0]
27.115.124.53 - - [19/Jun/2025:17:27:28 +0800] "GET http://mxzgh.com/delegate.php HTTP/1.1" 302 0 "-" "Mozilla/5.0 (Linux; U; Android 8.1.0; zh-cn; MI 8 Build/OPM1.171019.011) AppleWebKit/537.36 (KHTML, like Gecko) Version/4.0 Chrome/57.0.2987.108 Mobile Safari/537.36"[ULlT2]
27.115.124.53 - - [19/Jun/2025:17:27:28 +0800] "GET http://mxzgh.com/login.php HTTP/1.1" 200 1068 "-" "Mozilla/5.0 (Linux; U; Android 8.1.0; zh-cn; MI 8 Build/OPM1.171019.011) AppleWebKit/537.36 (KHTML, like Gecko) Version/4.0 Chrome/57.0.2987.108 Mobile Safari/537.36"[UKLlT3]
27.115.124.53 - - [19/Jun/2025:17:27:28 +0800] "GET http://mxzgh.com/assets/css/tailwind.min.css HTTP/1.1" 200 305091 "http://mxzgh.com/login.php" "Mozilla/5.0 (Linux; U; Android 8.1.0; zh-cn; MI 8 Build/OPM1.171019.011) AppleWebKit/537.36 (KHTML, like Gecko) Version/4.0 Chrome/57.0.2987.108 Mobile Safari/537.36"[CVLT0]
27.115.124.101 - - [19/Jun/2025:17:27:33 +0800] "GET http://mxzgh.com/favicon.ico HTTP/1.1" 404 983 "-" "Mozilla/5.0 (Windows NT 10.0; WOW64) AppleWebKit/537.36 (KHTML, like Gecko) Chrome/78.0.3904.108 Safari/537.36"[LT0]
27.115.124.101 - - [19/Jun/2025:17:27:34 +0800] "GET http://mxzgh.com/favicon.ico HTTP/1.1" 404 983 "-" "Mozilla/5.0 (Windows NT 10.0; Win64; x64) AppleWebKit/537.36 (KHTML, like Gecko) Chrome/120.0.0.0 Safari/537.36"[LT0]
123.6.49.18 - - [19/Jun/2025:17:27:42 +0800] "GET http://mxzgh.com/autorpg_index.php HTTP/1.1" 302 0 "-" "Mozilla/5.0 (Linux; U; Android 8.1.0; zh-cn; MI 8 Build/OPM1.171019.011) AppleWebKit/537.36 (KHTML, like Gecko) Version/4.0 Chrome/57.0.2987.108 Mobile Safari/537.36"[ULlT2]
123.6.49.18 - - [19/Jun/2025:17:27:42 +0800] "GET http://mxzgh.com/login.php HTTP/1.1" 200 1068 "-" "Mozilla/5.0 (Linux; U; Android 8.1.0; zh-cn; MI 8 Build/OPM1.171019.011) AppleWebKit/537.36 (KHTML, like Gecko) Version/4.0 Chrome/57.0.2987.108 Mobile Safari/537.36"[UKLlT2]
123.6.49.18 - - [19/Jun/2025:17:27:43 +0800] "GET http://mxzgh.com/assets/css/tailwind.min.css HTTP/1.1" 200 305091 "http://mxzgh.com/login.php" "Mozilla/5.0 (Linux; U; Android 8.1.0; zh-cn; MI 8 Build/OPM1.171019.011) AppleWebKit/537.36 (KHTML, like Gecko) Version/4.0 Chrome/57.0.2987.108 Mobile Safari/537.36"[CVLT0]
123.6.49.47 - - [19/Jun/2025:17:27:49 +0800] "GET http://mxzgh.com/favicon.ico HTTP/1.1" 404 983 "-" "Mozilla/5.0 (Windows NT 10.0; WOW64) AppleWebKit/537.36 (KHTML, like Gecko) Chrome/78.0.3904.108 Safari/537.36"[LT0]
123.6.49.47 - - [19/Jun/2025:17:27:51 +0800] "GET http://mxzgh.com/favicon.ico HTTP/1.1" 404 983 "-" "Mozilla/5.0 (Windows NT 10.0; Win64; x64) AppleWebKit/537.36 (KHTML, like Gecko) Chrome/120.0.0.0 Safari/537.36"[LT0]
61.110.192.69 - - [19/Jun/2025:17:28:38 +0800] "GET http://mxzgh.com/lobby.php HTTP/1.1" 200 8964 "http://mxzgh.com/autorpg_games.php" "Mozilla/5.0 (Linux; Android 14; V2199A; wv) AppleWebKit/537.36 (KHTML, like Gecko) Version/4.0 Chrome/123.0.6312.118 Mobile Safari/537.36 VivoBrowser/24.9.40.0"[UKLlT3]
27.128.43.150 - - [19/Jun/2025:17:28:39 +0800] "GET http://mxzgh.com/favicon.ico HTTP/1.1" 404 983 "http://mxzgh.com/lobby.php" "Mozilla/5.0 (Linux; Android 14; V2199A; wv) AppleWebKit/537.36 (KHTML, like Gecko) Version/4.0 Chrome/123.0.6312.118 Mobile Safari/537.36 VivoBrowser/24.9.40.0"[LT0]
163.171.132.32 - - [19/Jun/2025:17:28:41 +0800] "GET http://mxzgh.com/filter.php HTTP/1.1" 200 5171 "http://mxzgh.com/lobby.php" "Mozilla/5.0 (Linux; Android 14; V2199A; wv) AppleWebKit/537.36 (KHTML, like Gecko) Version/4.0 Chrome/123.0.6312.118 Mobile Safari/537.36 VivoBrowser/24.9.40.0"[UKLlT5]
27.128.43.150 - - [19/Jun/2025:17:28:42 +0800] "GET http://mxzgh.com/favicon.ico HTTP/1.1" 404 983 "http://mxzgh.com/filter.php" "Mozilla/5.0 (Linux; Android 14; V2199A; wv) AppleWebKit/537.36 (KHTML, like Gecko) Version/4.0 Chrome/123.0.6312.118 Mobile Safari/537.36 VivoBrowser/24.9.40.0"[LT0]
163.171.132.32 - - [19/Jun/2025:17:28:50 +0800] "GET http://mxzgh.com/filter.php?csrf_token=4534b06865a3987ef84c3997969f8907ca47cfbb25499a486e407348619486fe&code=&rating=&task_name=&form=&description=&sort=latest_price&order=ASC HTTP/1.1" 200 5187 "http://mxzgh.com/filter.php" "Mozilla/5.0 (Linux; Android 14; V2199A; wv) AppleWebKit/537.36 (KHTML, like Gecko) Version/4.0 Chrome/123.0.6312.118 Mobile Safari/537.36 VivoBrowser/24.9.40.0"[UKLlT3]
27.128.43.150 - - [19/Jun/2025:17:28:51 +0800] "GET http://mxzgh.com/favicon.ico HTTP/1.1" 404 983 "http://mxzgh.com/filter.php?csrf_token=4534b06865a3987ef84c3997969f8907ca47cfbb25499a486e407348619486fe&code=&rating=&task_name=&form=&description=&sort=latest_price&order=ASC" "Mozilla/5.0 (Linux; Android 14; V2199A; wv) AppleWebKit/537.36 (KHTML, like Gecko) Version/4.0 Chrome/123.0.6312.118 Mobile Safari/537.36 VivoBrowser/24.9.40.0"[LT0]
103.56.118.177 - - [19/Jun/2025:17:28:54 +0800] "GET http://mxzgh.com/novels.php HTTP/1.1" 200 1569 "http://mxzgh.com/lobby.php" "Mozilla/5.0 (Linux; Android 14; V2199A; wv) AppleWebKit/537.36 (KHTML, like Gecko) Version/4.0 Chrome/123.0.6312.118 Mobile Safari/537.36 VivoBrowser/24.9.40.0"[UKLlT4]
27.128.43.150 - - [19/Jun/2025:17:28:55 +0800] "GET http://mxzgh.com/favicon.ico HTTP/1.1" 404 983 "http://mxzgh.com/novels.php" "Mozilla/5.0 (Linux; Android 14; V2199A; wv) AppleWebKit/537.36 (KHTML, like Gecko) Version/4.0 Chrome/123.0.6312.118 Mobile Safari/537.36 VivoBrowser/24.9.40.0"[LT0]
138.113.16.217 - - [19/Jun/2025:17:28:58 +0800] "GET http://mxzgh.com/strategy_games.php HTTP/1.1" 200 4271 "http://mxzgh.com/lobby.php" "Mozilla/5.0 (Linux; Android 14; V2199A; wv) AppleWebKit/537.36 (KHTML, like Gecko) Version/4.0 Chrome/123.0.6312.118 Mobile Safari/537.36 VivoBrowser/24.9.40.0"[UKLlT2]
27.128.43.150 - - [19/Jun/2025:17:28:59 +0800] "GET http://mxzgh.com/favicon.ico HTTP/1.1" 404 983 "http://mxzgh.com/strategy_games.php" "Mozilla/5.0 (Linux; Android 14; V2199A; wv) AppleWebKit/537.36 (KHTML, like Gecko) Version/4.0 Chrome/123.0.6312.118 Mobile Safari/537.36 VivoBrowser/24.9.40.0"[LT0]
14.0.43.33 - - [19/Jun/2025:17:29:01 +0800] "POST http://mxzgh.com/strategy_games.php HTTP/1.1" 302 0 "http://mxzgh.com/strategy_games.php" "Mozilla/5.0 (Linux; Android 14; V2199A; wv) AppleWebKit/537.36 (KHTML, like Gecko) Version/4.0 Chrome/123.0.6312.118 Mobile Safari/537.36 VivoBrowser/24.9.40.0"[ULlT5]
138.113.16.218 - - [19/Jun/2025:17:29:02 +0800] "GET http://mxzgh.com/index.php?game_id=1 HTTP/1.1" 200 86842 "http://mxzgh.com/strategy_games.php" "Mozilla/5.0 (Linux; Android 14; V2199A; wv) AppleWebKit/537.36 (KHTML, like Gecko) Version/4.0 Chrome/123.0.6312.118 Mobile Safari/537.36 VivoBrowser/24.9.40.0"[UKLlT12]
163.171.132.32 - - [19/Jun/2025:17:29:03 +0800] "GET http://mxzgh.com/assets/js/vue.min.js HTTP/1.1" 200 58679 "http://mxzgh.com/index.php?game_id=1" "Mozilla/5.0 (Linux; Android 14; V2199A; wv) AppleWebKit/537.36 (KHTML, like Gecko) Version/4.0 Chrome/123.0.6312.118 Mobile Safari/537.36 VivoBrowser/24.9.40.0"[CLT0]
27.128.43.150 - - [19/Jun/2025:17:29:37 +0800] "GET http://mxzgh.com/view_orders.php?game_id=1&type=public HTTP/1.1" 200 2382 "http://mxzgh.com/index.php?game_id=1" "Mozilla/5.0 (Linux; Android 14; V2199A; wv) AppleWebKit/537.36 (KHTML, like Gecko) Version/4.0 Chrome/123.0.6312.118 Mobile Safari/537.36 VivoBrowser/24.9.40.0"[UKLlT9]
27.128.43.150 - - [19/Jun/2025:17:29:38 +0800] "GET http://mxzgh.com/uploads/map_backgrounds/game_1_1747467648.png HTTP/1.1" 200 900455 "http://mxzgh.com/index.php?game_id=1" "Mozilla/5.0 (Linux; Android 14; V2199A; wv) AppleWebKit/537.36 (KHTML, like Gecko) Version/4.0 Chrome/123.0.6312.118 Mobile Safari/537.36 VivoBrowser/24.9.40.0"[CLT0]
27.128.43.150 - - [19/Jun/2025:17:29:38 +0800] "GET http://mxzgh.com/favicon.ico HTTP/1.1" 404 983 "http://mxzgh.com/index.php?game_id=1" "Mozilla/5.0 (Linux; Android 14; V2199A; wv) AppleWebKit/537.36 (KHTML, like Gecko) Version/4.0 Chrome/123.0.6312.118 Mobile Safari/537.36 VivoBrowser/24.9.40.0"[LT0]
27.128.43.150 - - [19/Jun/2025:17:29:51 +0800] "POST http://mxzgh.com/strategy_games.php HTTP/1.1" 302 0 "http://mxzgh.com/strategy_games.php" "Mozilla/5.0 (Linux; Android 14; V2199A; wv) AppleWebKit/537.36 (KHTML, like Gecko) Version/4.0 Chrome/123.0.6312.118 Mobile Safari/537.36 VivoBrowser/24.9.40.0"[ULlT4]
138.113.16.218 - - [19/Jun/2025:17:29:52 +0800] "GET http://mxzgh.com/index.php?game_id=2 HTTP/1.1" 200 30824 "http://mxzgh.com/strategy_games.php" "Mozilla/5.0 (Linux; Android 14; V2199A; wv) AppleWebKit/537.36 (KHTML, like Gecko) Version/4.0 Chrome/123.0.6312.118 Mobile Safari/537.36 VivoBrowser/24.9.40.0"[UKLlT5]
27.128.43.150 - - [19/Jun/2025:17:30:51 +0800] "GET http://mxzgh.com/view_orders.php?game_id=2&type=public HTTP/1.1" 200 0 "http://mxzgh.com/index.php?game_id=2" "Mozilla/5.0 (Linux; Android 14; V2199A; wv) AppleWebKit/537.36 (KHTML, like Gecko) Version/4.0 Chrome/123.0.6312.118 Mobile Safari/537.36 VivoBrowser/24.9.40.0"[ULlT2]
27.128.43.150 - - [19/Jun/2025:17:30:51 +0800] "GET http://mxzgh.com/favicon.ico HTTP/1.1" 404 983 "http://mxzgh.com/index.php?game_id=2" "Mozilla/5.0 (Linux; Android 14; V2199A; wv) AppleWebKit/537.36 (KHTML, like Gecko) Version/4.0 Chrome/123.0.6312.118 Mobile Safari/537.36 VivoBrowser/24.9.40.0"[LT0]
138.113.16.218 - - [19/Jun/2025:17:31:00 +0800] "GET http://mxzgh.com/index.php?game_id=2 HTTP/1.1" 200 30824 "http://mxzgh.com/strategy_games.php" "Mozilla/5.0 (Linux; Android 14; V2199A; wv) AppleWebKit/537.36 (KHTML, like Gecko) Version/4.0 Chrome/123.0.6312.118 Mobile Safari/537.36 VivoBrowser/24.9.40.0"[UKLlT3]
61.110.192.69 - - [19/Jun/2025:17:33:47 +0800] "GET http://mxzgh.com/view_orders.php?game_id=2&type=public HTTP/1.1" 200 0 "http://mxzgh.com/index.php?game_id=2" "Mozilla/5.0 (Linux; Android 14; V2199A; wv) AppleWebKit/537.36 (KHTML, like Gecko) Version/4.0 Chrome/123.0.6312.118 Mobile Safari/537.36 VivoBrowser/24.9.40.0"[ULlT2]
138.113.16.218 - - [19/Jun/2025:17:36:28 +0800] "GET http://mxzgh.com/index.php?game_id=2 HTTP/1.1" 200 30824 "http://mxzgh.com/strategy_games.php" "Mozilla/5.0 (Linux; Android 14; V2199A; wv) AppleWebKit/537.36 (KHTML, like Gecko) Version/4.0 Chrome/123.0.6312.118 Mobile Safari/537.36 VivoBrowser/24.9.40.0"[UKLlT5]
115.127.227.136 - - [19/Jun/2025:17:36:42 +0800] "POST http://mxzgh.com/strategy_games.php HTTP/1.1" 302 0 "http://mxzgh.com/strategy_games.php" "Mozilla/5.0 (Linux; Android 14; V2199A; wv) AppleWebKit/537.36 (KHTML, like Gecko) Version/4.0 Chrome/123.0.6312.118 Mobile Safari/537.36 VivoBrowser/24.9.40.0"[ULlT6]
138.113.16.218 - - [19/Jun/2025:17:36:43 +0800] "GET http://mxzgh.com/index.php?game_id=4 HTTP/1.1" 200 29121 "http://mxzgh.com/strategy_games.php" "Mozilla/5.0 (Linux; Android 14; V2199A; wv) AppleWebKit/537.36 (KHTML, like Gecko) Version/4.0 Chrome/123.0.6312.118 Mobile Safari/537.36 VivoBrowser/24.9.40.0"[UKLlT23]
64.71.161.167 - - [19/Jun/2025:17:42:32 +0800] "GET http://mxzgh.com/ HTTP/1.1" 200 1068 "-" "Mozilla/5.0 (compatible; Googlebot/2.1; +http://www.google.com/bot.html)"[UKLlT4]
27.128.43.150 - - [19/Jun/2025:17:43:52 +0800] "GET http://mxzgh.com/favicon.ico HTTP/1.1" 404 983 "http://mxzgh.com/index.php?game_id=4" "Mozilla/5.0 (Linux; Android 14; V2199A; wv) AppleWebKit/537.36 (KHTML, like Gecko) Version/4.0 Chrome/123.0.6312.118 Mobile Safari/537.36 VivoBrowser/24.9.40.0"[LT0]
61.110.192.69 - - [19/Jun/2025:17:43:52 +0800] "GET http://mxzgh.com/view_orders.php?game_id=4&type=public HTTP/1.1" 200 0 "http://mxzgh.com/index.php?game_id=4" "Mozilla/5.0 (Linux; Android 14; V2199A; wv) AppleWebKit/537.36 (KHTML, like Gecko) Version/4.0 Chrome/123.0.6312.118 Mobile Safari/537.36 VivoBrowser/24.9.40.0"[ULlT3]
216.244.66.248 - - [19/Jun/2025:18:06:28 +0800] "GET http://mxzgh.com/robots.txt HTTP/1.1" 404 983 "-" "Mozilla/5.0 (compatible; DotBot/1.2; +https://opensiteexplorer.org/dotbot; help@moz.com)"[LT0]
216.244.66.248 - - [19/Jun/2025:18:32:00 +0800] "GET http://mxzgh.com/index.php/vod-type-id-6-page-1.html HTTP/1.1" 302 0 "-" "Mozilla/5.0 (compatible; DotBot/1.2; +https://opensiteexplorer.org/dotbot; help@moz.com)"[ULlT85]
216.244.66.248 - - [19/Jun/2025:18:52:08 +0800] "GET http://mxzgh.com/robots.txt HTTP/1.1" 404 983 "-" "Mozilla/5.0 (compatible; DotBot/1.2; +https://opensiteexplorer.org/dotbot; help@moz.com)"[LT0]
172.68.182.249 - - [19/Jun/2025:18:57:29 +0800] "GET http://mxzgh.com/wordpress/wp-admin/setup-config.php HTTP/1.1" 404 983 "-" "Mozilla/5.0 (Windows NT 10.0; Win64; x64) AppleWebKit/537.36 (KHTML, like Gecko) Chrome/137.0.0.0 Safari/537.36"[LT0]
112.41.192.182 - - [19/Jun/2025:18:57:38 +0800] "GET http://mxzgh.com/ HTTP/1.1" 200 1068 "-" "Mozilla/5.0 (Windows NT 10.0; Win64; x64) AppleWebKit/537.36 (KHTML, like Gecko) Chrome/137.0.0.0 Safari/537.36"[UKLlT99]
112.41.192.182 - - [19/Jun/2025:18:57:39 +0800] "GET http://mxzgh.com/ HTTP/1.1" 200 1068 "-" "Mozilla/5.0 (Windows NT 10.0; Win64; x64) AppleWebKit/537.36 (KHTML, like Gecko) Chrome/137.0.0.0 Safari/537.36"[UKLlT3]
112.41.192.182 - - [19/Jun/2025:18:57:39 +0800] "GET http://mxzgh.com/assets/css/tailwind.min.css HTTP/1.1" 200 305091 "http://mxzgh.com/" "Mozilla/5.0 (Windows NT 10.0; Win64; x64) AppleWebKit/537.36 (KHTML, like Gecko) Chrome/137.0.0.0 Safari/537.36"[CLT0]
112.41.192.182 - - [19/Jun/2025:18:57:39 +0800] "GET http://mxzgh.com/favicon.ico HTTP/1.1" 404 983 "http://mxzgh.com/" "Mozilla/5.0 (Windows NT 10.0; Win64; x64) AppleWebKit/537.36 (KHTML, like Gecko) Chrome/137.0.0.0 Safari/537.36"[LT0]
104.23.217.47 - - [19/Jun/2025:18:57:57 +0800] "GET http://mxzgh.com/wp-admin/setup-config.php HTTP/1.1" 404 983 "-" "Mozilla/5.0 (Windows NT 10.0; Win64; x64) AppleWebKit/537.36 (KHTML, like Gecko) Chrome/137.0.0.0 Safari/537.36"[LT0]
180.163.30.76 - - [19/Jun/2025:18:58:34 +0800] "GET http://mxzgh.com/ HTTP/1.1" 200 1068 "-" "Mozilla/5.0 (Windows NT 6.1; WOW64) AppleWebKit/537.36 (KHTML, like Gecko) Chrome/43.0.2357.124 Safari/537.36"[UKLlT3]
216.244.66.248 - - [19/Jun/2025:19:23:39 +0800] "GET http://mxzgh.com/index.php/vod-type-id-1-page-1574.html HTTP/1.1" 302 0 "-" "Mozilla/5.0 (compatible; DotBot/1.2; +https://opensiteexplorer.org/dotbot; help@moz.com)"[ULlT86]
43.130.3.120 - - [19/Jun/2025:19:30:55 +0800] "GET http://www.mxzgh.com/ HTTP/1.1" 200 1068 "-" "Mozilla/5.0 (iPhone; CPU iPhone OS 13_2_3 like Mac OS X) AppleWebKit/605.1.15 (KHTML, like Gecko) Version/13.0.3 Mobile/15E148 Safari/604.1"[UKlT2]
216.244.66.248 - - [19/Jun/2025:19:37:46 +0800] "GET http://mxzgh.com/robots.txt HTTP/1.1" 404 983 "-" "Mozilla/5.0 (compatible; DotBot/1.2; +https://opensiteexplorer.org/dotbot; help@moz.com)"[LT0]
216.244.66.248 - - [19/Jun/2025:19:43:25 +0800] "GET http://mxzgh.com/index.php/vod-type-id-27.html HTTP/1.1" 302 0 "-" "Mozilla/5.0 (compatible; DotBot/1.2; +https://opensiteexplorer.org/dotbot; help@moz.com)"[ULlT77]
183.47.105.76 - - [19/Jun/2025:19:52:59 +0800] "GET http://mxzgh.com/ HTTP/1.1" 200 1068 "-" "Mozilla/5.0 (iPhone; CPU iPhone OS 17_4_1 like Mac OS X) AppleWebKit/605.1.15 (KHTML, like Gecko) Mobile/15E148 QQ/9.0.30.616 V1_IPH_SQ_9.0.30_1_APP_A Pixel/1179 MiniAppEnable SimpleUISwitch/0 StudyMode/0 CurrentMode/0 CurrentFontScale/1.000000 QQTheme/1000 AppId/537211376 Core/WKWebView Device/Apple(iPhone X) NetType/WIFI QBWebViewType/1 WKType/1"[UKLlT3]
183.47.105.76 - - [19/Jun/2025:19:52:59 +0800] "GET http://mxzgh.com/assets/css/tailwind.min.css HTTP/1.1" 200 305091 "http://mxzgh.com/" "Mozilla/5.0 (iPhone; CPU iPhone OS 17_4_1 like Mac OS X) AppleWebKit/605.1.15 (KHTML, like Gecko) Mobile/15E148 QQ/9.0.30.616 V1_IPH_SQ_9.0.30_1_APP_A Pixel/1179 MiniAppEnable SimpleUISwitch/0 StudyMode/0 CurrentMode/0 CurrentFontScale/1.000000 QQTheme/1000 AppId/537211376 Core/WKWebView Device/Apple(iPhone X) NetType/WIFI QBWebViewType/1 WKType/1"[CLT0]
183.47.105.76 - - [19/Jun/2025:19:52:59 +0800] "GET http://mxzgh.com/favicon.ico HTTP/1.1" 404 983 "http://mxzgh.com/" "Mozilla/5.0 (iPhone; CPU iPhone OS 17_4_1 like Mac OS X) AppleWebKit/605.1.15 (KHTML, like Gecko) Mobile/15E148 QQ/9.0.30.616 V1_IPH_SQ_9.0.30_1_APP_A Pixel/1179 MiniAppEnable SimpleUISwitch/0 StudyMode/0 CurrentMode/0 CurrentFontScale/1.000000 QQTheme/1000 AppId/537211376 Core/WKWebView Device/Apple(iPhone X) NetType/WIFI QBWebViewType/1 WKType/1"[LT0]
17.241.75.49 - - [19/Jun/2025:20:00:17 +0800] "GET http://mxzgh.com/robots.txt HTTP/1.1" 404 983 "-" "Mozilla/5.0 (Macintosh; Intel Mac OS X 10_15_7) AppleWebKit/605.1.15 (KHTML, like Gecko) Version/17.4 Safari/605.1.15 (Applebot/0.1; +http://www.apple.com/go/applebot)"[LT0]
111.172.249.49 - - [19/Jun/2025:20:03:47 +0800] "GET http://mxzgh.com/ HTTP/1.1" 200 1068 "-" "Mozilla/5.0 (iPhone; CPU iPhone OS 13_2_3 like Mac OS X) AppleWebKit/605.1.15 (KHTML, like Gecko) Version/13.0.3 Mobile/15E148 Safari/604.1"[UKlT73]
183.60.225.231 - - [19/Jun/2025:20:19:59 +0800] "GET http://mxzgh.com/ HTTP/1.1" 200 1068 "-" "Mozilla/5.0 (Linux; Android 11; Redmi Note 8 Pro Build/RP1A.200720.011; wv) AppleWebKit/537.36 (KHTML, like Gecko) Version/4.0 Chrome/89.0.4389.72 MQQBrowser/6.2 TBS/045913 Mobile Safari/537.36 V1_AND_SQ_8.8.68_2538_YYB_D A_8086800 QQ/8.8.68.7265 NetType/WIFI WebP/0.3.0 Pixel/1080 StatusBarHeight/76 SimpleUISwitch/1 QQTheme/2971 InMagicWin/0 StudyMode/0 CurrentMode/1 CurrentFontScale/1.0 GlobalDensityScale/0.9818182 AppId/537112567 Edg/98.0.4758.102"[UKLlT70]
183.60.225.231 - - [19/Jun/2025:20:20:00 +0800] "GET http://mxzgh.com/assets/css/tailwind.min.css HTTP/1.1" 200 305091 "http://mxzgh.com/" "Mozilla/5.0 (Linux; Android 11; Redmi Note 8 Pro Build/RP1A.200720.011; wv) AppleWebKit/537.36 (KHTML, like Gecko) Version/4.0 Chrome/89.0.4389.72 MQQBrowser/6.2 TBS/045913 Mobile Safari/537.36 V1_AND_SQ_8.8.68_2538_YYB_D A_8086800 QQ/8.8.68.7265 NetType/WIFI WebP/0.3.0 Pixel/1080 StatusBarHeight/76 SimpleUISwitch/1 QQTheme/2971 InMagicWin/0 StudyMode/0 CurrentMode/1 CurrentFontScale/1.0 GlobalDensityScale/0.9818182 AppId/537112567 Edg/98.0.4758.102"[CLT0]
139.200.7.58 - - [19/Jun/2025:20:22:58 +0800] "GET http://mxzgh.com/ HTTP/1.1" 200 1068 "-" "Mozilla/5.0 (Windows NT 10.0; Win64; x64) AppleWebKit/537.36 (KHTML, like Gecko) Chrome/137.0.0.0 Safari/537.36 Edg/137.0.0.0"[UKLlT2]
139.200.7.58 - - [19/Jun/2025:20:23:00 +0800] "GET http://mxzgh.com/assets/css/tailwind.min.css HTTP/1.1" 200 305091 "http://mxzgh.com/" "Mozilla/5.0 (Windows NT 10.0; Win64; x64) AppleWebKit/537.36 (KHTML, like Gecko) Chrome/137.0.0.0 Safari/537.36 Edg/137.0.0.0"[CLT0]
139.200.7.58 - - [19/Jun/2025:20:23:00 +0800] "GET http://mxzgh.com/favicon.ico HTTP/1.1" 404 983 "http://mxzgh.com/" "Mozilla/5.0 (Windows NT 10.0; Win64; x64) AppleWebKit/537.36 (KHTML, like Gecko) Chrome/137.0.0.0 Safari/537.36 Edg/137.0.0.0"[LT0]
139.200.7.58 - - [19/Jun/2025:20:23:02 +0800] "GET http://mxzgh.com/register.php HTTP/1.1" 200 1295 "http://mxzgh.com/" "Mozilla/5.0 (Windows NT 10.0; Win64; x64) AppleWebKit/537.36 (KHTML, like Gecko) Chrome/137.0.0.0 Safari/537.36 Edg/137.0.0.0"[UKLlT3]
139.200.7.58 - - [19/Jun/2025:20:23:12 +0800] "POST http://mxzgh.com/register.php HTTP/1.1" 302 0 "http://mxzgh.com/register.php" "Mozilla/5.0 (Windows NT 10.0; Win64; x64) AppleWebKit/537.36 (KHTML, like Gecko) Chrome/137.0.0.0 Safari/537.36 Edg/137.0.0.0"[ULlT83]
139.200.7.58 - - [19/Jun/2025:20:23:12 +0800] "GET http://mxzgh.com/login.php?success=Registration%20successful!%20Please%20log%20in. HTTP/1.1" 200 1163 "http://mxzgh.com/register.php" "Mozilla/5.0 (Windows NT 10.0; Win64; x64) AppleWebKit/537.36 (KHTML, like Gecko) Chrome/137.0.0.0 Safari/537.36 Edg/137.0.0.0"[UKLlT2]
139.200.7.58 - - [19/Jun/2025:20:23:17 +0800] "POST http://mxzgh.com/login.php?success=Registration%20successful!%20Please%20log%20in. HTTP/1.1" 302 0 "http://mxzgh.com/login.php?success=Registration%20successful!%20Please%20log%20in." "Mozilla/5.0 (Windows NT 10.0; Win64; x64) AppleWebKit/537.36 (KHTML, like Gecko) Chrome/137.0.0.0 Safari/537.36 Edg/137.0.0.0"[ULlT84]
139.200.7.58 - - [19/Jun/2025:20:23:17 +0800] "GET http://mxzgh.com/lobby.php HTTP/1.1" 200 8962 "http://mxzgh.com/login.php?success=Registration%20successful!%20Please%20log%20in." "Mozilla/5.0 (Windows NT 10.0; Win64; x64) AppleWebKit/537.36 (KHTML, like Gecko) Chrome/137.0.0.0 Safari/537.36 Edg/137.0.0.0"[UKLlT7]
139.200.7.58 - - [19/Jun/2025:20:23:32 +0800] "GET http://mxzgh.com/autorpg_games.php HTTP/1.1" 200 1533 "http://mxzgh.com/lobby.php" "Mozilla/5.0 (Windows NT 10.0; Win64; x64) AppleWebKit/537.36 (KHTML, like Gecko) Chrome/137.0.0.0 Safari/537.36 Edg/137.0.0.0"[UKLlT5]
139.200.7.58 - - [19/Jun/2025:20:23:34 +0800] "POST http://mxzgh.com/autorpg_games.php HTTP/1.1" 302 0 "http://mxzgh.com/autorpg_games.php" "Mozilla/5.0 (Windows NT 10.0; Win64; x64) AppleWebKit/537.36 (KHTML, like Gecko) Chrome/137.0.0.0 Safari/537.36 Edg/137.0.0.0"[ULlT4]
139.200.7.58 - - [19/Jun/2025:20:23:35 +0800] "GET http://mxzgh.com/autorpg_index.php?game_id=1 HTTP/1.1" 200 54605 "http://mxzgh.com/autorpg_games.php" "Mozilla/5.0 (Windows NT 10.0; Win64; x64) AppleWebKit/537.36 (KHTML, like Gecko) Chrome/137.0.0.0 Safari/537.36 Edg/137.0.0.0"[UKLlT8]
139.200.7.58 - - [19/Jun/2025:20:23:36 +0800] "GET http://mxzgh.com/assets/tiles/door.png HTTP/1.1" 200 1741 "http://mxzgh.com/autorpg_index.php?game_id=1" "Mozilla/5.0 (Windows NT 10.0; Win64; x64) AppleWebKit/537.36 (KHTML, like Gecko) Chrome/137.0.0.0 Safari/537.36 Edg/137.0.0.0"[CLT1]
139.200.7.58 - - [19/Jun/2025:20:23:36 +0800] "GET http://mxzgh.com/assets/tiles/grass.png HTTP/1.1" 200 7857 "http://mxzgh.com/autorpg_index.php?game_id=1" "Mozilla/5.0 (Windows NT 10.0; Win64; x64) AppleWebKit/537.36 (KHTML, like Gecko) Chrome/137.0.0.0 Safari/537.36 Edg/137.0.0.0"[CLT1]
139.200.7.58 - - [19/Jun/2025:20:23:52 +0800] "GET http://mxzgh.com/autorpg_games.php HTTP/1.1" 200 1533 "http://mxzgh.com/lobby.php" "Mozilla/5.0 (Windows NT 10.0; Win64; x64) AppleWebKit/537.36 (KHTML, like Gecko) Chrome/137.0.0.0 Safari/537.36 Edg/137.0.0.0"[UKLlT5]
139.200.7.58 - - [19/Jun/2025:20:23:54 +0800] "GET http://mxzgh.com/lobby.php HTTP/1.1" 200 8962 "http://mxzgh.com/login.php?success=Registration%20successful!%20Please%20log%20in." "Mozilla/5.0 (Windows NT 10.0; Win64; x64) AppleWebKit/537.36 (KHTML, like Gecko) Chrome/137.0.0.0 Safari/537.36 Edg/137.0.0.0"[UKLlT2]
139.200.7.58 - - [19/Jun/2025:20:23:55 +0800] "GET http://mxzgh.com/strategy_games.php HTTP/1.1" 200 4269 "http://mxzgh.com/lobby.php" "Mozilla/5.0 (Windows NT 10.0; Win64; x64) AppleWebKit/537.36 (KHTML, like Gecko) Chrome/137.0.0.0 Safari/537.36 Edg/137.0.0.0"[UKLlT5]
139.200.7.58 - - [19/Jun/2025:20:23:58 +0800] "GET http://mxzgh.com/novels.php HTTP/1.1" 200 1567 "http://mxzgh.com/lobby.php" "Mozilla/5.0 (Windows NT 10.0; Win64; x64) AppleWebKit/537.36 (KHTML, like Gecko) Chrome/137.0.0.0 Safari/537.36 Edg/137.0.0.0"[UKLlT3]
139.200.7.58 - - [19/Jun/2025:20:24:00 +0800] "POST http://mxzgh.com/novels.php HTTP/1.1" 302 0 "http://mxzgh.com/novels.php" "Mozilla/5.0 (Windows NT 10.0; Win64; x64) AppleWebKit/537.36 (KHTML, like Gecko) Chrome/137.0.0.0 Safari/537.36 Edg/137.0.0.0"[ULlT3]
139.200.7.58 - - [19/Jun/2025:20:24:00 +0800] "GET http://mxzgh.com/autorpg_index.php?game_id=1 HTTP/1.1" 200 54605 "http://mxzgh.com/novels.php" "Mozilla/5.0 (Windows NT 10.0; Win64; x64) AppleWebKit/537.36 (KHTML, like Gecko) Chrome/137.0.0.0 Safari/537.36 Edg/137.0.0.0"[UKLlT3]
139.200.7.58 - - [19/Jun/2025:20:24:00 +0800] "GET http://mxzgh.com/assets/tiles/grass.png HTTP/1.1" 304 0 "http://mxzgh.com/autorpg_index.php?game_id=1" "Mozilla/5.0 (Windows NT 10.0; Win64; x64) AppleWebKit/537.36 (KHTML, like Gecko) Chrome/137.0.0.0 Safari/537.36 Edg/137.0.0.0"[CLT0]
139.200.7.58 - - [19/Jun/2025:20:24:00 +0800] "GET http://mxzgh.com/assets/tiles/door.png HTTP/1.1" 304 0 "http://mxzgh.com/autorpg_index.php?game_id=1" "Mozilla/5.0 (Windows NT 10.0; Win64; x64) AppleWebKit/537.36 (KHTML, like Gecko) Chrome/137.0.0.0 Safari/537.36 Edg/137.0.0.0"[CLT0]
27.115.124.101 - - [19/Jun/2025:20:24:06 +0800] "GET https://mxzgh.com/ HTTP/1.1" 200 1068 "-" "Mozilla/5.0 (Linux; Android 10; HUAWEI P30 Pro) AppleWebKit/537.36 (KHTML, like Gecko) Chrome/89.0.4389.105 Mobile Safari/537.36"[UKLlT2]
27.115.124.101 - - [19/Jun/2025:20:24:06 +0800] "GET https://mxzgh.com/assets/css/tailwind.min.css HTTP/1.1" 200 305399 "https://mxzgh.com/" "Mozilla/5.0 (Linux; Android 10; HUAWEI P30 Pro) AppleWebKit/537.36 (KHTML, like Gecko) Chrome/89.0.4389.105 Mobile Safari/537.36"[SZKLT5]
139.200.7.58 - - [19/Jun/2025:20:25:23 +0800] "POST http://mxzgh.com/update_position.php HTTP/1.1" 200 31 "http://mxzgh.com/autorpg_index.php?game_id=1" "Mozilla/5.0 (Windows NT 10.0; Win64; x64) AppleWebKit/537.36 (KHTML, like Gecko) Chrome/137.0.0.0 Safari/537.36 Edg/137.0.0.0"[UKLlT4]
139.200.7.58 - - [19/Jun/2025:20:25:23 +0800] "GET http://mxzgh.com/get_ground_items.php?game_id=1&layer=1&x=6&y=7 HTTP/1.1" 200 12 "http://mxzgh.com/autorpg_index.php?game_id=1" "Mozilla/5.0 (Windows NT 10.0; Win64; x64) AppleWebKit/537.36 (KHTML, like Gecko) Chrome/137.0.0.0 Safari/537.36 Edg/137.0.0.0"[UKLlT4]
139.200.7.58 - - [19/Jun/2025:20:25:23 +0800] "POST http://mxzgh.com/update_stamina.php HTTP/1.1" 200 31 "http://mxzgh.com/autorpg_index.php?game_id=1" "Mozilla/5.0 (Windows NT 10.0; Win64; x64) AppleWebKit/537.36 (KHTML, like Gecko) Chrome/137.0.0.0 Safari/537.36 Edg/137.0.0.0"[UKLlT5]
139.200.7.58 - - [19/Jun/2025:20:25:24 +0800] "POST http://mxzgh.com/update_position.php HTTP/1.1" 200 31 "http://mxzgh.com/autorpg_index.php?game_id=1" "Mozilla/5.0 (Windows NT 10.0; Win64; x64) AppleWebKit/537.36 (KHTML, like Gecko) Chrome/137.0.0.0 Safari/537.36 Edg/137.0.0.0"[UKLlT3]
139.200.7.58 - - [19/Jun/2025:20:25:24 +0800] "GET http://mxzgh.com/get_ground_items.php?game_id=1&layer=1&x=6&y=6 HTTP/1.1" 200 12 "http://mxzgh.com/autorpg_index.php?game_id=1" "Mozilla/5.0 (Windows NT 10.0; Win64; x64) AppleWebKit/537.36 (KHTML, like Gecko) Chrome/137.0.0.0 Safari/537.36 Edg/137.0.0.0"[UKLlT2]
139.200.7.58 - - [19/Jun/2025:20:25:24 +0800] "POST http://mxzgh.com/update_stamina.php HTTP/1.1" 200 31 "http://mxzgh.com/autorpg_index.php?game_id=1" "Mozilla/5.0 (Windows NT 10.0; Win64; x64) AppleWebKit/537.36 (KHTML, like Gecko) Chrome/137.0.0.0 Safari/537.36 Edg/137.0.0.0"[UKLlT3]
139.200.7.58 - - [19/Jun/2025:20:25:25 +0800] "POST http://mxzgh.com/update_position.php HTTP/1.1" 200 31 "http://mxzgh.com/autorpg_index.php?game_id=1" "Mozilla/5.0 (Windows NT 10.0; Win64; x64) AppleWebKit/537.36 (KHTML, like Gecko) Chrome/137.0.0.0 Safari/537.36 Edg/137.0.0.0"[UKLlT2]
139.200.7.58 - - [19/Jun/2025:20:25:25 +0800] "GET http://mxzgh.com/get_ground_items.php?game_id=1&layer=1&x=6&y=5 HTTP/1.1" 200 12 "http://mxzgh.com/autorpg_index.php?game_id=1" "Mozilla/5.0 (Windows NT 10.0; Win64; x64) AppleWebKit/537.36 (KHTML, like Gecko) Chrome/137.0.0.0 Safari/537.36 Edg/137.0.0.0"[UKLlT1]
139.200.7.58 - - [19/Jun/2025:20:25:25 +0800] "POST http://mxzgh.com/update_stamina.php HTTP/1.1" 200 31 "http://mxzgh.com/autorpg_index.php?game_id=1" "Mozilla/5.0 (Windows NT 10.0; Win64; x64) AppleWebKit/537.36 (KHTML, like Gecko) Chrome/137.0.0.0 Safari/537.36 Edg/137.0.0.0"[UKLlT2]
139.200.7.58 - - [19/Jun/2025:20:25:25 +0800] "POST http://mxzgh.com/update_position.php HTTP/1.1" 200 31 "http://mxzgh.com/autorpg_index.php?game_id=1" "Mozilla/5.0 (Windows NT 10.0; Win64; x64) AppleWebKit/537.36 (KHTML, like Gecko) Chrome/137.0.0.0 Safari/537.36 Edg/137.0.0.0"[UKLlT2]
139.200.7.58 - - [19/Jun/2025:20:25:25 +0800] "GET http://mxzgh.com/get_ground_items.php?game_id=1&layer=1&x=6&y=4 HTTP/1.1" 200 12 "http://mxzgh.com/autorpg_index.php?game_id=1" "Mozilla/5.0 (Windows NT 10.0; Win64; x64) AppleWebKit/537.36 (KHTML, like Gecko) Chrome/137.0.0.0 Safari/537.36 Edg/137.0.0.0"[UKLlT3]
139.200.7.58 - - [19/Jun/2025:20:25:25 +0800] "POST http://mxzgh.com/update_stamina.php HTTP/1.1" 200 31 "http://mxzgh.com/autorpg_index.php?game_id=1" "Mozilla/5.0 (Windows NT 10.0; Win64; x64) AppleWebKit/537.36 (KHTML, like Gecko) Chrome/137.0.0.0 Safari/537.36 Edg/137.0.0.0"[UKLlT4]
139.200.7.58 - - [19/Jun/2025:20:25:25 +0800] "POST http://mxzgh.com/update_position.php HTTP/1.1" 200 31 "http://mxzgh.com/autorpg_index.php?game_id=1" "Mozilla/5.0 (Windows NT 10.0; Win64; x64) AppleWebKit/537.36 (KHTML, like Gecko) Chrome/137.0.0.0 Safari/537.36 Edg/137.0.0.0"[UKLlT3]
139.200.7.58 - - [19/Jun/2025:20:25:25 +0800] "GET http://mxzgh.com/get_ground_items.php?game_id=1&layer=1&x=6&y=3 HTTP/1.1" 200 12 "http://mxzgh.com/autorpg_index.php?game_id=1" "Mozilla/5.0 (Windows NT 10.0; Win64; x64) AppleWebKit/537.36 (KHTML, like Gecko) Chrome/137.0.0.0 Safari/537.36 Edg/137.0.0.0"[UKLlT2]
139.200.7.58 - - [19/Jun/2025:20:25:25 +0800] "POST http://mxzgh.com/update_stamina.php HTTP/1.1" 200 31 "http://mxzgh.com/autorpg_index.php?game_id=1" "Mozilla/5.0 (Windows NT 10.0; Win64; x64) AppleWebKit/537.36 (KHTML, like Gecko) Chrome/137.0.0.0 Safari/537.36 Edg/137.0.0.0"[UKLlT2]
139.200.7.58 - - [19/Jun/2025:20:25:25 +0800] "POST http://mxzgh.com/update_position.php HTTP/1.1" 200 31 "http://mxzgh.com/autorpg_index.php?game_id=1" "Mozilla/5.0 (Windows NT 10.0; Win64; x64) AppleWebKit/537.36 (KHTML, like Gecko) Chrome/137.0.0.0 Safari/537.36 Edg/137.0.0.0"[UKLlT3]
139.200.7.58 - - [19/Jun/2025:20:25:26 +0800] "GET http://mxzgh.com/get_ground_items.php?game_id=1&layer=1&x=6&y=2 HTTP/1.1" 200 12 "http://mxzgh.com/autorpg_index.php?game_id=1" "Mozilla/5.0 (Windows NT 10.0; Win64; x64) AppleWebKit/537.36 (KHTML, like Gecko) Chrome/137.0.0.0 Safari/537.36 Edg/137.0.0.0"[UKLlT3]
139.200.7.58 - - [19/Jun/2025:20:25:26 +0800] "POST http://mxzgh.com/update_stamina.php HTTP/1.1" 200 31 "http://mxzgh.com/autorpg_index.php?game_id=1" "Mozilla/5.0 (Windows NT 10.0; Win64; x64) AppleWebKit/537.36 (KHTML, like Gecko) Chrome/137.0.0.0 Safari/537.36 Edg/137.0.0.0"[UKLlT3]
139.200.7.58 - - [19/Jun/2025:20:25:26 +0800] "POST http://mxzgh.com/update_position.php HTTP/1.1" 200 31 "http://mxzgh.com/autorpg_index.php?game_id=1" "Mozilla/5.0 (Windows NT 10.0; Win64; x64) AppleWebKit/537.36 (KHTML, like Gecko) Chrome/137.0.0.0 Safari/537.36 Edg/137.0.0.0"[UKLlT3]
139.200.7.58 - - [19/Jun/2025:20:25:26 +0800] "GET http://mxzgh.com/get_ground_items.php?game_id=1&layer=1&x=6&y=1 HTTP/1.1" 200 12 "http://mxzgh.com/autorpg_index.php?game_id=1" "Mozilla/5.0 (Windows NT 10.0; Win64; x64) AppleWebKit/537.36 (KHTML, like Gecko) Chrome/137.0.0.0 Safari/537.36 Edg/137.0.0.0"[UKLlT2]
139.200.7.58 - - [19/Jun/2025:20:25:26 +0800] "POST http://mxzgh.com/update_stamina.php HTTP/1.1" 200 31 "http://mxzgh.com/autorpg_index.php?game_id=1" "Mozilla/5.0 (Windows NT 10.0; Win64; x64) AppleWebKit/537.36 (KHTML, like Gecko) Chrome/137.0.0.0 Safari/537.36 Edg/137.0.0.0"[UKLlT4]
139.200.7.58 - - [19/Jun/2025:20:25:26 +0800] "POST http://mxzgh.com/update_position.php HTTP/1.1" 200 31 "http://mxzgh.com/autorpg_index.php?game_id=1" "Mozilla/5.0 (Windows NT 10.0; Win64; x64) AppleWebKit/537.36 (KHTML, like Gecko) Chrome/137.0.0.0 Safari/537.36 Edg/137.0.0.0"[UKLlT3]
139.200.7.58 - - [19/Jun/2025:20:25:26 +0800] "GET http://mxzgh.com/get_ground_items.php?game_id=1&layer=1&x=6&y=0 HTTP/1.1" 200 12 "http://mxzgh.com/autorpg_index.php?game_id=1" "Mozilla/5.0 (Windows NT 10.0; Win64; x64) AppleWebKit/537.36 (KHTML, like Gecko) Chrome/137.0.0.0 Safari/537.36 Edg/137.0.0.0"[UKLlT2]
139.200.7.58 - - [19/Jun/2025:20:25:26 +0800] "POST http://mxzgh.com/update_stamina.php HTTP/1.1" 200 31 "http://mxzgh.com/autorpg_index.php?game_id=1" "Mozilla/5.0 (Windows NT 10.0; Win64; x64) AppleWebKit/537.36 (KHTML, like Gecko) Chrome/137.0.0.0 Safari/537.36 Edg/137.0.0.0"[UKLlT3]
139.200.7.58 - - [19/Jun/2025:20:25:26 +0800] "POST http://mxzgh.com/update_position.php HTTP/1.1" 200 31 "http://mxzgh.com/autorpg_index.php?game_id=1" "Mozilla/5.0 (Windows NT 10.0; Win64; x64) AppleWebKit/537.36 (KHTML, like Gecko) Chrome/137.0.0.0 Safari/537.36 Edg/137.0.0.0"[UKLlT2]
139.200.7.58 - - [19/Jun/2025:20:25:26 +0800] "GET http://mxzgh.com/get_ground_items.php?game_id=1&layer=1&x=7&y=0 HTTP/1.1" 200 12 "http://mxzgh.com/autorpg_index.php?game_id=1" "Mozilla/5.0 (Windows NT 10.0; Win64; x64) AppleWebKit/537.36 (KHTML, like Gecko) Chrome/137.0.0.0 Safari/537.36 Edg/137.0.0.0"[UKLlT3]
139.200.7.58 - - [19/Jun/2025:20:25:26 +0800] "POST http://mxzgh.com/update_stamina.php HTTP/1.1" 200 31 "http://mxzgh.com/autorpg_index.php?game_id=1" "Mozilla/5.0 (Windows NT 10.0; Win64; x64) AppleWebKit/537.36 (KHTML, like Gecko) Chrome/137.0.0.0 Safari/537.36 Edg/137.0.0.0"[UKLlT3]
139.200.7.58 - - [19/Jun/2025:20:25:26 +0800] "POST http://mxzgh.com/update_position.php HTTP/1.1" 200 31 "http://mxzgh.com/autorpg_index.php?game_id=1" "Mozilla/5.0 (Windows NT 10.0; Win64; x64) AppleWebKit/537.36 (KHTML, like Gecko) Chrome/137.0.0.0 Safari/537.36 Edg/137.0.0.0"[UKLlT3]
139.200.7.58 - - [19/Jun/2025:20:25:26 +0800] "GET http://mxzgh.com/get_ground_items.php?game_id=1&layer=1&x=8&y=0 HTTP/1.1" 200 12 "http://mxzgh.com/autorpg_index.php?game_id=1" "Mozilla/5.0 (Windows NT 10.0; Win64; x64) AppleWebKit/537.36 (KHTML, like Gecko) Chrome/137.0.0.0 Safari/537.36 Edg/137.0.0.0"[UKLlT3]
139.200.7.58 - - [19/Jun/2025:20:25:26 +0800] "POST http://mxzgh.com/update_stamina.php HTTP/1.1" 200 31 "http://mxzgh.com/autorpg_index.php?game_id=1" "Mozilla/5.0 (Windows NT 10.0; Win64; x64) AppleWebKit/537.36 (KHTML, like Gecko) Chrome/137.0.0.0 Safari/537.36 Edg/137.0.0.0"[UKLlT2]
139.200.7.58 - - [19/Jun/2025:20:25:26 +0800] "POST http://mxzgh.com/update_position.php HTTP/1.1" 200 31 "http://mxzgh.com/autorpg_index.php?game_id=1" "Mozilla/5.0 (Windows NT 10.0; Win64; x64) AppleWebKit/537.36 (KHTML, like Gecko) Chrome/137.0.0.0 Safari/537.36 Edg/137.0.0.0"[UKLlT3]
139.200.7.58 - - [19/Jun/2025:20:25:26 +0800] "GET http://mxzgh.com/autorpg_index.php?game_id=1 HTTP/1.1" 200 54623 "http://mxzgh.com/autorpg_index.php?game_id=1" "Mozilla/5.0 (Windows NT 10.0; Win64; x64) AppleWebKit/537.36 (KHTML, like Gecko) Chrome/137.0.0.0 Safari/537.36 Edg/137.0.0.0"[UKLlT3]
139.200.7.58 - - [19/Jun/2025:20:25:27 +0800] "GET http://mxzgh.com/assets/tiles/door.png HTTP/1.1" 304 0 "http://mxzgh.com/autorpg_index.php?game_id=1" "Mozilla/5.0 (Windows NT 10.0; Win64; x64) AppleWebKit/537.36 (KHTML, like Gecko) Chrome/137.0.0.0 Safari/537.36 Edg/137.0.0.0"[CLT0]
139.200.7.58 - - [19/Jun/2025:20:25:27 +0800] "GET http://mxzgh.com/assets/tiles/grass.png HTTP/1.1" 304 0 "http://mxzgh.com/autorpg_index.php?game_id=1" "Mozilla/5.0 (Windows NT 10.0; Win64; x64) AppleWebKit/537.36 (KHTML, like Gecko) Chrome/137.0.0.0 Safari/537.36 Edg/137.0.0.0"[CLT0]
139.200.7.58 - - [19/Jun/2025:20:25:29 +0800] "POST http://mxzgh.com/update_position.php HTTP/1.1" 200 31 "http://mxzgh.com/autorpg_index.php?game_id=1" "Mozilla/5.0 (Windows NT 10.0; Win64; x64) AppleWebKit/537.36 (KHTML, like Gecko) Chrome/137.0.0.0 Safari/537.36 Edg/137.0.0.0"[UKLlT3]
139.200.7.58 - - [19/Jun/2025:20:25:30 +0800] "GET http://mxzgh.com/get_ground_items.php?game_id=1&layer=1&x=5&y=4 HTTP/1.1" 200 12 "http://mxzgh.com/autorpg_index.php?game_id=1" "Mozilla/5.0 (Windows NT 10.0; Win64; x64) AppleWebKit/537.36 (KHTML, like Gecko) Chrome/137.0.0.0 Safari/537.36 Edg/137.0.0.0"[UKLlT3]
139.200.7.58 - - [19/Jun/2025:20:25:30 +0800] "POST http://mxzgh.com/update_stamina.php HTTP/1.1" 200 31 "http://mxzgh.com/autorpg_index.php?game_id=1" "Mozilla/5.0 (Windows NT 10.0; Win64; x64) AppleWebKit/537.36 (KHTML, like Gecko) Chrome/137.0.0.0 Safari/537.36 Edg/137.0.0.0"[UKLlT3]
139.200.7.58 - - [19/Jun/2025:20:25:30 +0800] "POST http://mxzgh.com/update_position.php HTTP/1.1" 200 31 "http://mxzgh.com/autorpg_index.php?game_id=1" "Mozilla/5.0 (Windows NT 10.0; Win64; x64) AppleWebKit/537.36 (KHTML, like Gecko) Chrome/137.0.0.0 Safari/537.36 Edg/137.0.0.0"[UKLlT3]
139.200.7.58 - - [19/Jun/2025:20:25:30 +0800] "GET http://mxzgh.com/get_ground_items.php?game_id=1&layer=1&x=5&y=3 HTTP/1.1" 200 12 "http://mxzgh.com/autorpg_index.php?game_id=1" "Mozilla/5.0 (Windows NT 10.0; Win64; x64) AppleWebKit/537.36 (KHTML, like Gecko) Chrome/137.0.0.0 Safari/537.36 Edg/137.0.0.0"[UKLlT2]
139.200.7.58 - - [19/Jun/2025:20:25:30 +0800] "POST http://mxzgh.com/update_stamina.php HTTP/1.1" 200 31 "http://mxzgh.com/autorpg_index.php?game_id=1" "Mozilla/5.0 (Windows NT 10.0; Win64; x64) AppleWebKit/537.36 (KHTML, like Gecko) Chrome/137.0.0.0 Safari/537.36 Edg/137.0.0.0"[UKLlT3]
139.200.7.58 - - [19/Jun/2025:20:25:30 +0800] "POST http://mxzgh.com/update_position.php HTTP/1.1" 200 31 "http://mxzgh.com/autorpg_index.php?game_id=1" "Mozilla/5.0 (Windows NT 10.0; Win64; x64) AppleWebKit/537.36 (KHTML, like Gecko) Chrome/137.0.0.0 Safari/537.36 Edg/137.0.0.0"[UKLlT3]
139.200.7.58 - - [19/Jun/2025:20:25:30 +0800] "GET http://mxzgh.com/get_ground_items.php?game_id=1&layer=1&x=5&y=2 HTTP/1.1" 200 12 "http://mxzgh.com/autorpg_index.php?game_id=1" "Mozilla/5.0 (Windows NT 10.0; Win64; x64) AppleWebKit/537.36 (KHTML, like Gecko) Chrome/137.0.0.0 Safari/537.36 Edg/137.0.0.0"[UKLlT2]
139.200.7.58 - - [19/Jun/2025:20:25:30 +0800] "POST http://mxzgh.com/update_stamina.php HTTP/1.1" 200 31 "http://mxzgh.com/autorpg_index.php?game_id=1" "Mozilla/5.0 (Windows NT 10.0; Win64; x64) AppleWebKit/537.36 (KHTML, like Gecko) Chrome/137.0.0.0 Safari/537.36 Edg/137.0.0.0"[UKLlT3]
139.200.7.58 - - [19/Jun/2025:20:25:30 +0800] "POST http://mxzgh.com/update_position.php HTTP/1.1" 200 31 "http://mxzgh.com/autorpg_index.php?game_id=1" "Mozilla/5.0 (Windows NT 10.0; Win64; x64) AppleWebKit/537.36 (KHTML, like Gecko) Chrome/137.0.0.0 Safari/537.36 Edg/137.0.0.0"[UKLlT3]
139.200.7.58 - - [19/Jun/2025:20:25:30 +0800] "GET http://mxzgh.com/get_ground_items.php?game_id=1&layer=1&x=5&y=1 HTTP/1.1" 200 12 "http://mxzgh.com/autorpg_index.php?game_id=1" "Mozilla/5.0 (Windows NT 10.0; Win64; x64) AppleWebKit/537.36 (KHTML, like Gecko) Chrome/137.0.0.0 Safari/537.36 Edg/137.0.0.0"[UKLlT3]
139.200.7.58 - - [19/Jun/2025:20:25:30 +0800] "POST http://mxzgh.com/update_stamina.php HTTP/1.1" 200 31 "http://mxzgh.com/autorpg_index.php?game_id=1" "Mozilla/5.0 (Windows NT 10.0; Win64; x64) AppleWebKit/537.36 (KHTML, like Gecko) Chrome/137.0.0.0 Safari/537.36 Edg/137.0.0.0"[UKLlT3]
139.200.7.58 - - [19/Jun/2025:20:25:30 +0800] "POST http://mxzgh.com/update_position.php HTTP/1.1" 200 31 "http://mxzgh.com/autorpg_index.php?game_id=1" "Mozilla/5.0 (Windows NT 10.0; Win64; x64) AppleWebKit/537.36 (KHTML, like Gecko) Chrome/137.0.0.0 Safari/537.36 Edg/137.0.0.0"[UKLlT3]
139.200.7.58 - - [19/Jun/2025:20:25:30 +0800] "GET http://mxzgh.com/get_ground_items.php?game_id=1&layer=1&x=5&y=0 HTTP/1.1" 200 12 "http://mxzgh.com/autorpg_index.php?game_id=1" "Mozilla/5.0 (Windows NT 10.0; Win64; x64) AppleWebKit/537.36 (KHTML, like Gecko) Chrome/137.0.0.0 Safari/537.36 Edg/137.0.0.0"[UKLlT2]
